{
  "args": {}, 
  "headers": {
    "Accept": "application/json", 
    "Accept-Encoding": "gzip", 
    "Host": "localhost:8080", 
    "User-Agent": "Go-http-client/1.1"
  }, 
  "origin": "172.17.0.1", 
  "url": "http://localhost:8080/get"
}
